// Vitest Snapshot v1, https://vitest.dev/guide/snapshot.html

exports[`export files > info.json and materials.json (snapshot) 1`] = `
{
  "Author": "Fatkiwi",
  "Brand": "JBeam Forge",
  "Description": "Test Car, built with JBeam Forge.",
  "Name": "Test Car",
  "Type": "Car",
  "default_pc": "default",
}
`;

exports[`export files > info.json and materials.json (snapshot) 2`] = `
{
  "test_paint": {
    "Stages": [
      {
        "baseColorFactor": [
          0.8,
          0.1,
          0.1,
          1,
        ],
        "baseColorMap": "/vehicles/test/test_paint_b.color.dds",
        "metallicFactor": 0.4,
        "roughnessFactor": 0.3,
      },
      {},
      {},
      {},
    ],
    "class": "Material",
    "dynamicCubemap": true,
    "mapTo": "test_paint",
    "name": "test_paint",
    "version": 1.5,
  },
}
`;

exports[`jbeam export > writes the body part deterministically (snapshot) 1`] = `
"{
"test_hood": {
    "information": {"authors":"Fatkiwi", "name":"Hood", "value":470},
    "slotType": "test_hood",
    "flexbodies": [
        ["mesh",      "[group]:", "nonFlexMaterials"],
        ["test_hood", ["test_hood"]]
    ],
    "nodes": [
        ["id",   "posX",  "posY",  "posZ"],
        {"nodeMaterial":"|NM_METAL", "frictionCoef":0.5, "collision":true, "selfCollision":true, "group":"test_hood", "nodeWeight":0.828},
        ["h1",   0,       -1.9997, 1.495],
        ["h2",   0,       -1.9997, 1.425],
        ["h3r",  -0.6989, -1.999,  1.4248],
        ["h4l",  0.6992,  -1.999,  1.4952],
        ["h5l",  0.6992,  -1.999,  1.4248],
        ["h6r",  -0.6994, -1.999,  1.4951],
        ["h7",   0,       -1.995,  1.46],
        ["h8l",  0.35,    -1.7,    1.495],
        ["h8r",  -0.35,   -1.7,    1.495],
        ["h9l",  0.35,    -1.7,    1.425],
        ["h9r",  -0.35,   -1.7,    1.425],
        ["h10r", -0.6994, -1.4,    1.495],
        ["h11l", 0.6997,  -1.4,    1.495],
        ["h12",  0,       -1.4,    1.495],
        ["h13l", 0.695,   -1.4,    1.46],
        ["h13r", -0.695,  -1.4,    1.46],
        ["h14",  0,       -1.4,    1.425],
        ["h15l", 0.6997,  -1.4,    1.425],
        ["h16r", -0.6994, -1.4,    1.425],
        {"nodeWeight":0.768},
        ["h17l", 0.35,    -1.1,    1.495],
        ["h17r", -0.35,   -1.1,    1.495],
        {"nodeWeight":0.828},
        ["h18l", 0.35,    -1.1,    1.425],
        ["h18r", -0.35,   -1.1,    1.425],
        ["h19",  0,       -0.805,  1.46],
        ["h20r", -0.6995, -0.8013, 1.4248],
        ["h21l", 0.6992,  -0.8013, 1.4952],
        ["h22",  0,       -0.8007, 1.495],
        ["h23",  0,       -0.8007, 1.425],
        ["h24l", 0.6992,  -0.8007, 1.4249],
        ["h25r", -0.6989, -0.8006, 1.4952],
        {"group":""}
    ],
    "beams": [
        ["id1:", "id2:"],
        //skin
        {"beamType":"|NORMAL", "beamPrecompression":1, "deformLimitExpansion":1.1, "beamSpring":560000, "beamDamp":60, "beamDeform":8000, "beamStrength":55000},
        ["h19",  "h22"],
        ["h4l",  "h7"],
        ["h4l",  "h8l"],
        ["h22",  "h17l"],
        ["h22",  "h17r"],
        ["h24l", "h18l"],
        ["h6r",  "h7"],
        ["h4l",  "h1"],
        ["h7",   "h1"],
        ["h6r",  "h1"],
        ["h1",   "h8r"],
        ["h6r",  "h8r"],
        ["h1",   "h8l"],
        {"beamSpring":470000},
        ["h20r", "h18r"],
        ["h16r", "h18r"],
        ["h20r", "h16r"],
        ["h14",  "h18r"],
        ["h14",  "h16r"],
        ["h14",  "h9l"],
        ["h2",   "h9l"],
        ["h14",  "h2"],
        ["h5l",  "h9l"],
        ["h5l",  "h2"],
        ["h16r", "h9r"],
        ["h3r",  "h9r"],
        ["h3r",  "h16r"],
        ["h2",   "h9r"],
        ["h3r",  "h2"],
        ["h14",  "h9r"],
        ["h25r", "h16r"],
        ["h20r", "h25r"],
        ["h3r",  "h13r"],
        ["h13r", "h16r"],
        ["h25r", "h13r"],
        ["h25r", "h22"],
        ["h20r", "h22"],
        ["h20r", "h19"],
        ["h5l",  "h7"],
        ["h5l",  "h4l"],
        ["h3r",  "h7"],
        ["h7",   "h2"],
        ["h5l",  "h13l"],
        ["h4l",  "h13l"],
        ["h13l", "h11l"],
        ["h4l",  "h11l"],
        ["h11l", "h8l"],
        ["h11l", "h17l"],
        ["h25r", "h17r"],
        ["h24l", "h23"],
        ["h20r", "h23"],
        ["h19",  "h23"],
        ["h24l", "h13l"],
        ["h5l",  "h15l"],
        ["h13l", "h15l"],
        ["h24l", "h15l"],
        ["h15l", "h18l"],
        ["h23",  "h18l"],
        ["h15l", "h9l"],
        ["h14",  "h15l"],
        ["h23",  "h18r"],
        ["h14",  "h23"],
        ["h14",  "h18l"],
        ["h3r",  "h6r"],
        ["h10r", "h8r"],
        ["h6r",  "h10r"],
        ["h10r", "h17r"],
        ["h25r", "h10r"],
        ["h3r",  "h10r"],
        ["h13r", "h10r"],
        {"beamSpring":400000},
        ["h21l", "h22"],
        ["h21l", "h19"],
        ["h21l", "h13l"],
        ["h21l", "h11l"],
        ["h12",  "h8l"],
        ["h12",  "h11l"],
        ["h21l", "h17l"],
        ["h12",  "h17r"],
        ["h12",  "h22"],
        ["h12",  "h17l"],
        ["h21l", "h23"],
        ["h21l", "h24l"],
        ["h12",  "h1"],
        ["h12",  "h10r"],
        ["h12",  "h8r"],
        //bracing
        ["h17l", "h17r"],
        {"beamSpring":330000},
        ["h18r", "h9r"],
        ["h9l",  "h9r"],
        ["h13r", "h9r"],
        ["h19",  "h17l"],
        ["h8l",  "h17l"],
        ["h19",  "h18r"],
        ["h9l",  "h18l"],
        ["h18r", "h18l"],
        ["h8l",  "h8r"],
        ["h17r", "h8r"],
        ["h13r", "h17r"],
        {"beamSpring":280000},
        ["h7",   "h9l"],
        ["h7",   "h9r"],
        ["h24l", "h19"],
        ["h7",   "h8l"],
        ["h4l",  "h6r"],
        ["h7",   "h8r"],
        ["h6r",  "h13r"],
        {"beamSpring":230000},
        ["h23",  "h16r"],
        ["h20r", "h14"],
        ["h25r", "h18r"],
        ["h2",   "h15l"],
        ["h5l",  "h14"],
        ["h3r",  "h14"],
        ["h2",   "h16r"],
        ["h20r", "h13r"],
        ["h22",  "h16r"],
        ["h16r", "h10r"],
        ["h3r",  "h25r"],
        ["h20r", "h17r"],
        ["h25r", "h19"],
        ["h22",  "h23"],
        ["h5l",  "h1"],
        ["h4l",  "h2"],
        ["h7",   "h13l"],
        ["h6r",  "h2"],
        ["h5l",  "h3r"],
        ["h4l",  "h15l"],
        ["h5l",  "h11l"],
        ["h24l", "h11l"],
        ["h13l", "h17l"],
        ["h13l", "h8l"],
        ["h1",   "h11l"],
        ["h22",  "h11l"],
        ["h22",  "h10r"],
        ["h23",  "h13l"],
        ["h13l", "h9l"],
        ["h5l",  "h24l"],
        ["h13l", "h18l"],
        ["h24l", "h14"],
        ["h23",  "h15l"],
        ["h3r",  "h1"],
        ["h7",   "h10r"],
        ["h1",   "h10r"],
        ["h3r",  "h8r"],
        {"beamSpring":200000},
        ["h20r", "h21l"],
        ["h21l", "h4l"],
        ["h4l",  "h12"],
        ["h21l", "h12"],
        ["h25r", "h12"],
        ["h21l", "h18l"],
        ["h21l", "h15l"],
        ["h6r",  "h12"],
        //attachment to parent (bolted)
        {"beamSpring":330000, "beamDamp":40, "beamDeform":12000, "beamStrength":65000, "breakGroup":"test_hood_attach"},
        ["h19",  "b50"],
        {"beamSpring":280000},
        ["h9l",  "b22l"],
        ["h9r",  "b22r"],
        ["h13r", "b31r"],
        ["h19",  "b45"],
        ["h19",  "b52l"],
        ["h8l",  "b22l"],
        ["h8r",  "b22r"],
        ["h6r",  "b3r"],
        ["h6r",  "b20r"],
        {"beamSpring":230000},
        ["h9l",  "b19l"],
        ["h9l",  "b4l"],
        ["h9r",  "b19r"],
        ["h9r",  "b4r"],
        ["h15l", "b31l"],
        ["h15l", "b27l"],
        ["h15l", "b35l"],
        ["h16r", "b31r"],
        ["h16r", "b27r"],
        ["h16r", "b35r"],
        ["h20r", "b47r"],
        ["h20r", "b51r"],
        ["h20r", "b58r"],
        ["h24l", "b47l"],
        ["h24l", "b51l"],
        ["h24l", "b58l"],
        ["h23",  "b45"],
        ["h23",  "b50"],
        ["h23",  "b52l"],
        ["h13r", "b27r"],
        ["h13r", "b35r"],
        ["h13l", "b31l"],
        ["h13l", "b27l"],
        ["h13l", "b35l"],
        ["h2",   "b7"],
        ["h2",   "b18"],
        ["h2",   "b4l"],
        ["h8l",  "b19l"],
        ["h8l",  "b4l"],
        ["h8r",  "b19r"],
        ["h8r",  "b4r"],
        ["h18r", "b37r"],
        ["h18r", "b44r"],
        ["h18r", "b27r"],
        ["h18l", "b37l"],
        ["h18l", "b44l"],
        ["h18l", "b27l"],
        ["h11l", "b31l"],
        ["h11l", "b27l"],
        ["h11l", "b35l"],
        ["h10r", "b31r"],
        ["h10r", "b27r"],
        ["h10r", "b35r"],
        ["h25r", "b47r"],
        ["h25r", "b51r"],
        ["h25r", "b58r"],
        ["h5l",  "b3l"],
        ["h5l",  "b19l"],
        ["h5l",  "b20l"],
        ["h6r",  "b19r"],
        {"beamSpring":200000},
        ["h21l", "b47l"],
        ["h21l", "b51l"],
        ["h21l", "b58l"],
        ["h12",  "b28l"],
        ["h12",  "b28r"],
        ["h12",  "b36"],
        {"breakGroup":""}
    ],
    "triangles": [
        ["id1:", "id2:", "id3:"],
        {"groundModel":"metal", "group":"test_hood"},
        ["h20r", "h18r", "h16r"],
        ["h18r", "h14",  "h16r"],
        ["h14",  "h9l",  "h2"],
        ["h9l",  "h5l",  "h2"],
        ["h16r", "h9r",  "h3r"],
        ["h9r",  "h2",   "h3r"],
        ["h2",   "h9r",  "h14"],
        ["h9r",  "h16r", "h14"],
        ["h20r", "h16r", "h25r"],
        ["h16r", "h3r",  "h13r"],
        ["h16r", "h13r", "h25r"],
        ["h25r", "h22",  "h20r"],
        ["h22",  "h21l", "h19"],
        ["h22",  "h19",  "h20r"],
        ["h4l",  "h7",   "h5l"],
        ["h7",   "h3r",  "h2"],
        ["h7",   "h2",   "h5l"],
        ["h5l",  "h13l", "h4l"],
        ["h13l", "h21l", "h11l"],
        ["h13l", "h11l", "h4l"],
        ["h12",  "h8l",  "h11l"],
        ["h8l",  "h4l",  "h11l"],
        ["h22",  "h17l", "h21l"],
        ["h17l", "h11l", "h21l"],
        ["h25r", "h17r", "h22"],
        ["h17r", "h12",  "h22"],
        ["h11l", "h17l", "h12"],
        ["h17l", "h22",  "h12"],
        ["h24l", "h23",  "h21l"],
        ["h23",  "h20r", "h19"],
        ["h23",  "h19",  "h21l"],
        ["h21l", "h13l", "h24l"],
        ["h13l", "h5l",  "h15l"],
        ["h13l", "h15l", "h24l"],
        ["h15l", "h18l", "h24l"],
        ["h18l", "h23",  "h24l"],
        ["h5l",  "h9l",  "h15l"],
        ["h9l",  "h14",  "h15l"],
        ["h14",  "h18r", "h23"],
        ["h18r", "h20r", "h23"],
        ["h23",  "h18l", "h14"],
        ["h18l", "h15l", "h14"],
        ["h3r",  "h7",   "h6r"],
        ["h7",   "h4l",  "h1"],
        ["h7",   "h1",   "h6r"],
        ["h1",   "h8r",  "h6r"],
        ["h8r",  "h10r", "h6r"],
        ["h4l",  "h8l",  "h1"],
        ["h8l",  "h12",  "h1"],
        ["h12",  "h17r", "h10r"],
        ["h17r", "h25r", "h10r"],
        ["h10r", "h8r",  "h12"],
        ["h8r",  "h1",   "h12"],
        ["h6r",  "h10r", "h3r"],
        ["h10r", "h25r", "h13r"],
        ["h10r", "h13r", "h3r"],
        {"group":""}
    ]
}
}
"
`;

exports[`jbeam export > writes the body part deterministically (snapshot) 2`] = `
"{
"test": {
    "information": {"authors":"Fatkiwi", "name":"Test Car"},
    "slotType": "main",
    "slots2": [
        ["name",                    "allowTypes",                "denyTypes", "default",   "description"],
        ["test_body",               ["test_body"],               [],          "test_body", "Body shell", {"coreSlot":true}],
        ["paint_design",            ["paint_design"],            [],          "",          "Paint Design"],
        ["skin_glass",              ["skin_glass"],              [],          "",          "Glass Tint"],
        ["licenseplate_design_2_1", ["licenseplate_design_2_1"], [],          "",          "License Plate Design"]
    ]
}
}
"
`;
