// Vitest Snapshot v1, https://vitest.dev/guide/snapshot.html

exports[`export files > info.json and materials.json (snapshot) 1`] = `
{
  "Author": "Fatkiwi",
  "Brand": "JBeam Forge",
  "Description": "Test Car, built with JBeam Forge.",
  "Name": "Test Car",
  "Type": "Car",
  "default_pc": "default",
}
`;

exports[`export files > info.json and materials.json (snapshot) 2`] = `
{
  "test_paint": {
    "Stages": [
      {
        "baseColorFactor": [
          0.8,
          0.1,
          0.1,
          1,
        ],
        "baseColorMap": "/vehicles/test/test_paint_b.color.dds",
        "metallicFactor": 0.4,
        "roughnessFactor": 0.3,
      },
      {},
      {},
      {},
    ],
    "class": "Material",
    "dynamicCubemap": true,
    "mapTo": "test_paint",
    "name": "test_paint",
    "version": 1.5,
  },
}
`;

exports[`jbeam export > writes the body part deterministically (snapshot) 1`] = `
"{
"test_hood": {
    "information": {"authors":"Fatkiwi", "name":"Hood", "value":470},
    "slotType": "test_hood",
    "flexbodies": [
        ["mesh",      "[group]:", "nonFlexMaterials"],
        ["test_hood", ["test_hood"]]
    ],
    "nodes": [
        ["id",   "posX",  "posY",  "posZ"],
        {"nodeMaterial":"|NM_METAL", "frictionCoef":0.5, "collision":true, "selfCollision":true, "group":"test_hood", "nodeWeight":0.705},
        ["h1l",  0.35,    -2,      1.495],
        ["h1r",  -0.35,   -2,      1.495],
        ["h2l",  0.1764,  -1.9496, 1.4152],
        ["h2r",  -0.1764, -1.9496, 1.4152],
        ["h3l",  0.6992,  -1.7995, 1.4151],
        ["h3r",  -0.6992, -1.7995, 1.4151],
        ["h4",   0,       -1.6993, 1.415],
        ["h5l",  0.3502,  -1.5997, 1.495],
        ["h5r",  -0.3502, -1.5997, 1.495],
        ["h6",   0,       -1.4499, 1.415],
        ["h7l",  0.6996,  -1.4001, 1.495],
        ["h7r",  -0.6996, -1.4001, 1.495],
        ["h8r",  -0.292,  -1.2503, 1.495],
        ["h9l",  0.2919,  -1.2502, 1.495],
        ["h10",  0,       -1.2495, 1.415],
        ["h11l", 0.5824,  -1.1006, 1.4151],
        ["h11r", -0.5824, -1.1006, 1.4151],
        ["h12",  0,       -0.9487, 1.4952],
        ["h13l", 0.233,   -0.8998, 1.495],
        ["h14r", -0.2329, -0.8997, 1.495],
        ["h15l", 0.5822,  -0.8,    1.4151],
        ["h15r", -0.5822, -0.8,    1.4151],
        {"group":""}
    ],
    "beams": [
        ["id1:", "id2:"],
        //skin
        {"beamType":"|NORMAL", "beamPrecompression":1, "deformLimitExpansion":1.1, "beamSpring":800000, "beamDamp":60, "beamDeform":8000, "beamStrength":55000},
        ["h2l",  "h2r"],
        ["h13l", "h14r"],
        ["h2l",  "h5l"],
        ["h5l",  "h4"],
        ["h2l",  "h4"],
        ["h2l",  "h1l"],
        ["h1l",  "h5l"],
        ["h3l",  "h1l"],
        ["h3l",  "h5l"],
        ["h5l",  "h9l"],
        ["h6",   "h9l"],
        ["h6",   "h5l"],
        ["h6",   "h10"],
        ["h9l",  "h10"],
        ["h7l",  "h5l"],
        ["h7l",  "h9l"],
        ["h3l",  "h7l"],
        ["h9l",  "h11l"],
        ["h7l",  "h11l"],
        ["h13l", "h10"],
        ["h12",  "h13l"],
        ["h12",  "h10"],
        ["h13l", "h9l"],
        ["h13l", "h11l"],
        ["h15l", "h11l"],
        ["h15l", "h13l"],
        ["h12",  "h9l"],
        ["h4",   "h2r"],
        ["h4",   "h5r"],
        ["h2r",  "h5r"],
        ["h1r",  "h5r"],
        ["h2r",  "h1r"],
        ["h3r",  "h5r"],
        ["h3r",  "h1r"],
        ["h6",   "h5r"],
        ["h6",   "h8r"],
        ["h5r",  "h8r"],
        ["h10",  "h8r"],
        ["h7r",  "h8r"],
        ["h7r",  "h5r"],
        ["h3r",  "h7r"],
        ["h7r",  "h11r"],
        ["h8r",  "h11r"],
        ["h12",  "h14r"],
        ["h10",  "h14r"],
        ["h14r", "h8r"],
        ["h14r", "h11r"],
        ["h15r", "h14r"],
        ["h15r", "h11r"],
        ["h12",  "h8r"],
        //bracing
        {"beamSpring":400000},
        ["h1l",  "h4"],
        ["h2l",  "h3l"],
        ["h7l",  "h1l"],
        ["h6",   "h7l"],
        ["h5l",  "h10"],
        ["h9l",  "h8r"],
        ["h6",   "h13l"],
        ["h3l",  "h9l"],
        ["h5l",  "h11l"],
        ["h7l",  "h13l"],
        ["h15l", "h9l"],
        ["h4",   "h1r"],
        ["h2r",  "h3r"],
        ["h7r",  "h1r"],
        ["h10",  "h5r"],
        ["h6",   "h7r"],
        ["h6",   "h14r"],
        ["h5r",  "h11r"],
        ["h3r",  "h8r"],
        ["h7r",  "h14r"],
        ["h15r", "h8r"],
        //attachment to parent (bolted)
        {"beamDamp":40, "beamDeform":12000, "beamStrength":65000, "breakGroup":"test_hood_attach"},
        ["h15l", "b35l"],
        ["h15l", "b32l"],
        ["h15l", "b31l"],
        ["h3l",  "b12l"],
        ["h3l",  "b3l"],
        ["h3l",  "b17l"],
        ["h1l",  "b5l"],
        ["h1l",  "b12l"],
        ["h1l",  "b7"],
        ["h4",   "b16"],
        ["h4",   "b7"],
        ["h4",   "b5l"],
        ["h10",  "b25"],
        ["h10",  "b18l"],
        ["h10",  "b18r"],
        ["h15r", "b35r"],
        ["h15r", "b32r"],
        ["h15r", "b31r"],
        ["h3r",  "b12r"],
        ["h3r",  "b3r"],
        ["h3r",  "b17r"],
        ["h1r",  "b5r"],
        ["h1r",  "b12r"],
        ["h1r",  "b7"],
        {"breakGroup":""}
    ],
    "triangles": [
        ["id1:", "id2:", "id3:"],
        {"groundModel":"metal", "group":"test_hood"},
        ["h2l",  "h5l",  "h4"],
        ["h5l",  "h2l",  "h1l"],
        ["h5l",  "h1l",  "h3l"],
        ["h5l",  "h9l",  "h6"],
        ["h10",  "h6",   "h9l"],
        ["h9l",  "h5l",  "h7l"],
        ["h3l",  "h7l",  "h5l"],
        ["h11l", "h9l",  "h7l"],
        ["h10",  "h13l", "h12"],
        ["h13l", "h10",  "h9l"],
        ["h13l", "h9l",  "h11l"],
        ["h11l", "h15l", "h13l"],
        ["h12",  "h9l",  "h13l"],
        ["h2r",  "h4",   "h5r"],
        ["h5r",  "h1r",  "h2r"],
        ["h5r",  "h3r",  "h1r"],
        ["h5r",  "h6",   "h8r"],
        ["h10",  "h8r",  "h6"],
        ["h8r",  "h7r",  "h5r"],
        ["h3r",  "h5r",  "h7r"],
        ["h11r", "h7r",  "h8r"],
        ["h10",  "h12",  "h14r"],
        ["h14r", "h8r",  "h10"],
        ["h14r", "h11r", "h8r"],
        ["h11r", "h14r", "h15r"],
        ["h12",  "h8r",  "h14r"],
        {"group":""}
    ]
}
}
"
`;

exports[`jbeam export > writes the body part deterministically (snapshot) 2`] = `
"{
"test": {
    "information": {"authors":"Fatkiwi", "name":"Test Car"},
    "slotType": "main",
    "slots2": [
        ["name",                    "allowTypes",                "denyTypes", "default",   "description"],
        ["test_body",               ["test_body"],               [],          "test_body", "Body shell", {"coreSlot":true}],
        ["paint_design",            ["paint_design"],            [],          "",          "Paint Design"],
        ["skin_glass",              ["skin_glass"],              [],          "",          "Glass Tint"],
        ["licenseplate_design_2_1", ["licenseplate_design_2_1"], [],          "",          "License Plate Design"]
    ]
}
}
"
`;
