// Vitest Snapshot v1, https://vitest.dev/guide/snapshot.html

exports[`export files > info.json and materials.json (snapshot) 1`] = `
{
  "Author": "Fatkiwi",
  "Brand": "JBeam Forge",
  "Description": "Test Car, built with JBeam Forge.",
  "Name": "Test Car",
  "Type": "Car",
  "default_pc": "default",
}
`;

exports[`export files > info.json and materials.json (snapshot) 2`] = `
{
  "test_paint": {
    "Stages": [
      {
        "baseColorFactor": [
          0.8,
          0.1,
          0.1,
          1,
        ],
        "baseColorMap": "/vehicles/test/test_paint_b.color.dds",
        "metallicFactor": 0.4,
        "roughnessFactor": 0.3,
      },
      {},
      {},
      {},
    ],
    "class": "Material",
    "dynamicCubemap": true,
    "mapTo": "test_paint",
    "name": "test_paint",
    "version": 1.5,
  },
}
`;

exports[`jbeam export > writes the body part deterministically (snapshot) 1`] = `
"{
"test_hood": {
    "information": {"authors":"Fatkiwi", "name":"Hood", "value":470},
    "slotType": "test_hood",
    "flexbodies": [
        ["mesh",      "[group]:", "nonFlexMaterials"],
        ["test_hood", ["test_hood"]]
    ],
    "nodes": [
        ["id",   "posX",  "posY",  "posZ"],
        {"nodeMaterial":"|NM_METAL", "frictionCoef":0.5, "collision":true, "selfCollision":true, "group":"test_hood", "nodeWeight":1.192},
        ["h1l",  0.7002,  -1.9999, 1.455],
        ["h1r",  -0.7002, -1.9999, 1.455],
        ["h2",   0,       -1.9999, 1.415],
        ["h3l",  0.7001,  -1.4,    1.455],
        ["h3r",  -0.7001, -1.4,    1.455],
        ["h4l",  0.3501,  -1.3999, 1.445],
        ["h4r",  -0.3501, -1.3999, 1.445],
        ["h5",   0,       -1.3998, 1.435],
        ["h6l",  0.7,     -0.7999, 1.455],
        ["h6r",  -0.7,    -0.7999, 1.455],
        ["h7",   0,       -0.7999, 1.455],
        ["hs1l", 0.3081,  -1.3976, 1.2296, {"collision":false, "selfCollision":false}],
        ["hs1r", -0.3081, -1.3976, 1.2296, {"collision":false, "selfCollision":false}],
        {"group":""}
    ],
    "beams": [
        ["id1:", "id2:"],
        //skin
        {"beamType":"|NORMAL", "beamPrecompression":1, "deformLimitExpansion":1.1, "beamSpring":800000, "beamDamp":70, "beamDeform":8000, "beamStrength":55000},
        ["h6l",  "h7"],
        ["h7",   "h4l"],
        ["h6l",  "h4l"],
        ["h4l",  "h5"],
        ["h2",   "h5"],
        ["h2",   "h4l"],
        ["h7",   "h5"],
        ["h1l",  "h4l"],
        ["h1l",  "h2"],
        ["h4l",  "h3l"],
        ["h6l",  "h3l"],
        ["h1l",  "h3l"],
        ["h6r",  "h4r"],
        ["h7",   "h4r"],
        ["h7",   "h6r"],
        ["h2",   "h4r"],
        ["h5",   "h4r"],
        ["h2",   "h1r"],
        ["h1r",  "h4r"],
        ["h6r",  "h3r"],
        ["h4r",  "h3r"],
        ["h1r",  "h3r"],
        //bracing
        {"beamSpring":400000},
        ["h6l",  "h5"],
        ["h7",   "h3l"],
        ["h7",   "h2"],
        ["h4l",  "h4r"],
        ["h1l",  "h5"],
        ["h2",   "h3l"],
        ["h1l",  "h6l"],
        ["h7",   "h3r"],
        ["h5",   "h6r"],
        ["h5",   "h1r"],
        ["h2",   "h3r"],
        ["h1r",  "h6r"],
        ["hs1r", "h4r"],
        ["hs1r", "h5"],
        ["hs1r", "h3r"],
        ["hs1r", "h4l"],
        ["hs1r", "h2"],
        ["hs1r", "h7"],
        ["hs1r", "h6r"],
        ["hs1r", "h1r"],
        ["hs1r", "h3l"],
        ["hs1r", "h6l"],
        ["hs1l", "h4l"],
        ["hs1l", "h5"],
        ["hs1l", "h3l"],
        ["hs1l", "h4r"],
        ["hs1l", "h2"],
        ["hs1l", "h7"],
        ["hs1l", "h6l"],
        ["hs1l", "h1l"],
        ["hs1l", "h3r"],
        ["hs1l", "h6r"],
        ["hs1r", "hs1l"],
        //attachment to parent (bolted)
        {"beamDamp":40, "beamDeform":12000, "beamStrength":65000, "breakGroup":"test_hood_attach"},
        ["h2",   "b11l"],
        ["h2",   "b11r"],
        ["h2",   "b7"],
        ["h5",   "b17"],
        ["h5",   "b11l"],
        ["h5",   "b11r"],
        ["h1l",  "b4l"],
        ["h1l",  "b10l"],
        ["h1l",  "b2l"],
        ["h1r",  "b4r"],
        ["h1r",  "b10r"],
        ["h1r",  "b2r"],
        ["h3l",  "b16l"],
        ["h3l",  "b10l"],
        ["h3l",  "b11l"],
        ["h3r",  "b16r"],
        ["h3r",  "b10r"],
        ["h3r",  "b11r"],
        ["h7",   "b26"],
        ["h7",   "b22l"],
        ["h7",   "b22r"],
        ["h6l",  "b25l"],
        ["h6l",  "b22l"],
        ["h6l",  "b18l"],
        ["h6r",  "b25r"],
        ["h6r",  "b22r"],
        ["h6r",  "b18r"],
        ["hs1r", "b11r"],
        ["hs1r", "b17"],
        ["hs1r", "b22r"],
        ["hs1l", "b11l"],
        ["hs1l", "b17"],
        ["hs1l", "b22l"],
        {"breakGroup":""}
    ],
    "triangles": [
        ["id1:", "id2:", "id3:"],
        {"groundModel":"metal", "group":"test_hood"},
        ["h6l",  "h7",   "h4l"],
        ["h4l",  "h5",   "h2"],
        ["h4l",  "h7",   "h5"],
        ["h1l",  "h4l",  "h2"],
        ["h4l",  "h3l",  "h6l"],
        ["h4l",  "h1l",  "h3l"],
        ["h6r",  "h4r",  "h7"],
        ["h4r",  "h2",   "h5"],
        ["h4r",  "h5",   "h7"],
        ["h1r",  "h2",   "h4r"],
        ["h4r",  "h6r",  "h3r"],
        ["h4r",  "h3r",  "h1r"],
        {"group":""}
    ]
}
}
"
`;

exports[`jbeam export > writes the body part deterministically (snapshot) 2`] = `
"{
"test": {
    "information": {"authors":"Fatkiwi", "name":"Test Car"},
    "slotType": "main",
    "slots2": [
        ["name",                    "allowTypes",                "denyTypes", "default",   "description"],
        ["test_body",               ["test_body"],               [],          "test_body", "Body shell", {"coreSlot":true}],
        ["paint_design",            ["paint_design"],            [],          "",          "Paint Design"],
        ["skin_glass",              ["skin_glass"],              [],          "",          "Glass Tint"],
        ["licenseplate_design_2_1", ["licenseplate_design_2_1"], [],          "",          "License Plate Design"]
    ]
}
}
"
`;
