// Vitest Snapshot v1, https://vitest.dev/guide/snapshot.html

exports[`.jbforge io > serializes an empty project deterministically (snapshot) 1`] = `
"{
  "format": "jbforge",
  "formatVersion": 8,
  "appVersion": "0.1.0",
  "meta": {
    "name": "Test Car",
    "slug": "test_car",
    "author": "Fatkiwi",
    "description": "",
    "brand": "",
    "type": "Car",
    "createdAt": "2026-01-02T03:04:05.000Z",
    "modifiedAt": "2026-01-02T03:04:05.000Z"
  },
  "sources": [],
  "splits": [],
  "parts": [],
  "assignments": {},
  "ignoredMeshes": [],
  "meshNames": {},
  "customTaxonomy": [],
  "proxy": {
    "parts": {},
    "refNodes": null
  },
  "nodes": [],
  "beams": [],
  "tris": [],
  "materials": [],
  "materialSlots": {},
  "hinges": [],
  "suspension": {},
  "powertrain": {},
  "configs": [],
  "variables": []
}
"
`;
