// Vitest Snapshot v1, https://vitest.dev/guide/snapshot.html

exports[`layout > serializes deterministically (snapshot) 1`] = `
"{
  "version": 1,
  "preset": "modelling",
  "dockview": {
    "grid": {
      "root": {
        "type": "branch",
        "data": []
      },
      "width": 800,
      "height": 600,
      "orientation": "HORIZONTAL"
    },
    "panels": {
      "scene": {
        "id": "scene",
        "contentComponent": "scene",
        "title": "Scene"
      }
    }
  }
}
"
`;

exports[`settings > serializes deterministically (snapshot) 1`] = `
"{
  "version": 1,
  "debugLogging": true,
  "beamngInstallDir": null,
  "beamngUserDir": null,
  "author": null,
  "focusGhostOpacity": 0.12,
  "autoRenameMeshes": true,
  "autoRenameDisplayNames": true,
  "materialFolders": [],
  "objectFolders": [],
  "openLastProject": false,
  "autosaveMinutes": 0,
  "recentLimit": 12,
  "undoLimit": 1000,
  "windowSize": "remember",
  "windowWidth": 1440,
  "windowHeight": 900,
  "startMode": "normal",
  "uiScale": 1,
  "renderScale": 1,
  "antialias": true,
  "maxFps": 0,
  "showGrid": true,
  "reflections": true,
  "viewportBackground": "theme",
  "cameraFov": 45,
  "orbitSpeed": 1,
  "zoomSpeed": 1,
  "invertZoom": false,
  "showFps": false,
  "speedUnit": "kmh",
  "powerUnit": "hp",
  "torqueUnit": "nm",
  "openFolderAfterExport": false,
  "compressZip": true,
  "previewSize": "1280x720",
  "previewAngle": "front-left",
  "previewBackdrop": "studio",
  "contentDir": null,
  "checkUpdatesOnStartup": true,
  "includePrereleases": false,
  "downloadConcurrency": 4,
  "appRepo": "Connor-Moyle/jbeam-forge",
  "texturesRepo": "Connor-Moyle/jbeam-forge-textures",
  "meshesRepo": "Connor-Moyle/jbeam-forge-meshes",
  "contentBranch": "main"
}
"
`;
