// Vitest Snapshot v1, https://vitest.dev/guide/snapshot.html

exports[`layout > serializes deterministically (snapshot) 1`] = `
"{
  "version": 1,
  "preset": "modelling",
  "dockview": {
    "grid": {
      "root": {
        "type": "branch",
        "data": []
      },
      "width": 800,
      "height": 600,
      "orientation": "HORIZONTAL"
    },
    "panels": {
      "scene": {
        "id": "scene",
        "contentComponent": "scene",
        "title": "Scene"
      }
    }
  }
}
"
`;

exports[`settings > serializes deterministically (snapshot) 1`] = `
"{
  "version": 1,
  "debugLogging": true,
  "beamngInstallDir": null,
  "beamngUserDir": null,
  "author": null,
  "focusGhostOpacity": 0.12,
  "autoRenameMeshes": true,
  "autoRenameDisplayNames": true
}
"
`;
